// Jest Snapshot v1, https://goo.gl/fbAQLP

exports[`AddCar page should render correctly 1`] = `
<div>
  <div
    class="add-car-main"
  >
    <h2
      class="title"
    >
      ADD  CAR
    </h2>
    <form
      class="add-car-form"
    >
      <div
        class="form-control-lg"
      >
        <input
          class="form-control-lg form-control"
          name="name"
          placeholder="Car Name"
        />
      </div>
      <div
        class="form-control-lg"
      >
        <input
          class="form-control-lg form-control"
          name="model"
          placeholder="Car Model"
        />
      </div>
      <div
        class="form-control-lg"
      >
        <input
          class="form-control-lg form-control"
          name="image"
          placeholder="Image URL"
        />
      </div>
      <div
        class="form-control-lg"
      >
        <input
          class="form-control-lg form-control"
          name="desc"
          placeholder="Write the desription..."
        />
      </div>
      <div
        class="form-control-lg"
      >
        <input
          class="form-control"
          id="dob"
          name="rent"
          placeholder="Rent Amount"
          type="number"
        />
      </div>
      <button
        class="btn btn-white btn btn-primary"
        id="form-btn"
        type="submit"
      >
        Add Car
      </button>
    </form>
  </div>
  ,
</div>
`;
