// Jest Snapshot v1, https://goo.gl/fbAQLP

exports[`HomeCarCard should render correctly 1`] = `
<div>
  <div
    class="rent-card"
  >
    <div
      class="home-car-image-div"
    >
      <img
        alt="Audi"
        class="home-car-image"
        src="https://www.audi.com/content/dam/audi/us/en/all-models/a4/a4-allroad-quattro/2020/models-a4-allroad-quattro-2020-hero.jpg/_jcr_content/renditions/cq5dam.web.1200.675.jpeg"
      />
    </div>
    <div
      class="home-card-info"
    >
      <div
        class="home-name-model"
      >
        <h3>
          Audi
        </h3>
        : 
        <h3
          class="model"
        >
          R3
        </h3>
      </div>
      <p>
        Rent: 
        100
      </p>
      <p />
    </div>
  </div>
  ,
</div>
`;
